// Jest Snapshot v1, https://goo.gl/fbAQLP

exports[`<Footer/> should render Footer 1`] = `
<DocumentFragment>
  <footer
    class="css-12pe2qd"
  >
    <p
      aria-label="© 2017 - 2021, Hamza Umar Farooq Ghani"
      class="chakra-text css-0"
      data-testid="copyRight-year"
    >
      © 2017 - 2021, Hamza Umar Farooq Ghani
    </p>
    <p
      class="chakra-text css-0"
    >
      Built with Gatsby · Hosted on S3 and CloudFront
    </p>
  </footer>
</DocumentFragment>
`;
