// Jest Snapshot v1, https://goo.gl/fbAQLP

exports[`<Header/> with feature flag on should render Header 1`] = `
<DocumentFragment>
  <nav
    class="css-xajjvo"
  >
    <div
      class="logo css-0"
    >
      <a
        href="/"
      >
        <h1
          class="chakra-heading css-16v0qoy"
        >
          Hamza U. F. Ghani
        </h1>
      </a>
    </div>
    <div
      class="chakra-stack css-1rqb8o"
    >
      <div
        class="css-1w8wasz"
      >
        <a
          href="/"
        >
          Home
        </a>
      </div>
      <div
        class="css-1w8wasz"
      >
        <a
          href="/about"
        >
          About Me
        </a>
      </div>
      <div
        class="css-1w8wasz"
      >
        <a
          href="/project"
        >
          Project
        </a>
      </div>
      <div
        class="css-1hqy0az"
      >
        <a
          class="chakra-link css-10qsrqw"
          href="/static/51db75c9f2982f1838540680b66abc57/CV.pdf"
          rel="noopener noreferrer"
          target="_blank"
        >
          <abbr
            class="chakra-text css-0"
            title="Curriculum Vitae"
          >
            CV
          </abbr>
        </a>
      </div>
      <button
        aria-label="Toggle Theme"
        class="chakra-button css-150nmn8"
        type="button"
      >
        <svg
          aria-hidden="true"
          class="chakra-icon css-1q8md0w"
          focusable="false"
          viewBox="0 0 24 24"
        >
          <g
            fill="none"
            stroke="currentColor"
            stroke-linecap="round"
            stroke-linejoin="round"
            stroke-width="2"
          >
            <circle
              cx="12"
              cy="12"
              r="5"
            />
            <path
              d="M12 1v2"
            />
            <path
              d="M12 21v2"
            />
            <path
              d="M4.22 4.22l1.42 1.42"
            />
            <path
              d="M18.36 18.36l1.42 1.42"
            />
            <path
              d="M1 12h2"
            />
            <path
              d="M21 12h2"
            />
            <path
              d="M4.22 19.78l1.42-1.42"
            />
            <path
              d="M18.36 5.64l1.42-1.42"
            />
          </g>
        </svg>
      </button>
    </div>
  </nav>
</DocumentFragment>
`;
